******************************************************************************
                     PRU Linker PC v2.1.1                      
******************************************************************************
>> Linked Sat Jun 24 12:47:57 2017

OUTPUT FILE NAME:   <Release/PRU_1.out>
ENTRY POINT SYMBOL: "_c_int00_noinit_noargs_noexit"  address: 00000000


MEMORY CONFIGURATION

         name            origin    length      used     unused   attr    fill
----------------------  --------  ---------  --------  --------  ----  --------
PAGE 0:
  PRUIMEM               00000000   00001000  000000e4  00000f1c  RWIX

PAGE 1:
  PRUDMEM               00000000   00001000  00000100  00000f00  RWIX


SECTION ALLOCATION MAP

 output                                  attributes/
section   page    origin      length       input sections
--------  ----  ----------  ----------   ----------------
.text:_c_int00* 
*          0    00000000    00000014     
                  00000000    00000014     rtspruv3_le.lib : boot_special.obj (.text:_c_int00_noinit_noargs_noexit)

.text      0    00000014    000000cc     
                  00000014    000000bc     main.obj (.text:main)
                  000000d0    00000008     rtspruv3_le.lib : exit.obj (.text:abort)
                  000000d8    00000008                     : exit.obj (.text:loader_exit)

.stack     1    00000000    00000100     UNINITIALIZED
                  00000000    00000004     rtspruv3_le.lib : boot.obj (.stack)
                  00000004    000000fc     --HOLE--

.cinit     1    00000000    00000000     UNINITIALIZED

.TI.noinit 
*          0    000000e0    00000004     UNINITIALIZED
                  000000e0    00000004     main.obj (.TI.noinit)


SEGMENT ATTRIBUTES

    id tag      seg value
    -- ---      --- -----
     0 PHA_PAGE 2   1    


GLOBAL SYMBOLS: SORTED ALPHABETICALLY BY Name 

page  address   name                         
----  -------   ----                         
0     000000d8  C$$EXIT                      
1     00000100  __TI_STACK_END               
abs   00000100  __TI_STACK_SIZE              
abs   ffffffff  __binit__                    
abs   ffffffff  __c_args__                   
0     00000000  _c_int00_noinit_noargs_noexit
1     00000000  _stack                       
0     000000d0  abort                        
abs   ffffffff  binit                        
0     000000e0  g_DDRImage                   
0     00000014  main                         


GLOBAL SYMBOLS: SORTED BY Symbol Address 

page  address   name                         
----  -------   ----                         
0     00000000  _c_int00_noinit_noargs_noexit
0     00000014  main                         
0     000000d0  abort                        
0     000000d8  C$$EXIT                      
0     000000e0  g_DDRImage                   
1     00000000  _stack                       
1     00000100  __TI_STACK_END               
abs   00000100  __TI_STACK_SIZE              
abs   ffffffff  __binit__                    
abs   ffffffff  __c_args__                   
abs   ffffffff  binit                        

[11 symbols]
